// Jest Snapshot v1, https://goo.gl/fbAQLP

exports[` 1`] = `
Object {
  "asFragment": [Function],
  "baseElement": <body>
    <div>
      <div
        class="MuiBox-root css-n080w8"
      >
        <div
          class="MuiBox-root css-1avs8wp"
        >
          <header
            class="css-19dhr21"
          >
            Study in Belarus
          </header>
          <section
            class="css-93ppzn"
          >
            <p
              class="MuiTypography-root MuiTypography-body1 css-ptg5so-MuiTypography-root"
            >
              A 404 error has occurred. To continue:
            </p>
            <p
              class="MuiTypography-root MuiTypography-body1 css-ptg5so-MuiTypography-root"
            >
              Reload current page, or
            </p>
            <p
              class="MuiTypography-root MuiTypography-body1 css-ptg5so-MuiTypography-root"
            >
              Navigate to the home page. Also check your internet connection and reload current page.
            </p>
          </section>
          <footer
            class="css-zofoza"
          >
            © 2022 Study in Belarus. All rights reserved.
          </footer>
        </div>
      </div>
    </div>
  </body>,
  "container": <div>
    <div
      class="MuiBox-root css-n080w8"
    >
      <div
        class="MuiBox-root css-1avs8wp"
      >
        <header
          class="css-19dhr21"
        >
          Study in Belarus
        </header>
        <section
          class="css-93ppzn"
        >
          <p
            class="MuiTypography-root MuiTypography-body1 css-ptg5so-MuiTypography-root"
          >
            A 404 error has occurred. To continue:
          </p>
          <p
            class="MuiTypography-root MuiTypography-body1 css-ptg5so-MuiTypography-root"
          >
            Reload current page, or
          </p>
          <p
            class="MuiTypography-root MuiTypography-body1 css-ptg5so-MuiTypography-root"
          >
            Navigate to the home page. Also check your internet connection and reload current page.
          </p>
        </section>
        <footer
          class="css-zofoza"
        >
          © 2022 Study in Belarus. All rights reserved.
        </footer>
      </div>
    </div>
  </div>,
  "debug": [Function],
  "findAllByAltText": [Function],
  "findAllByDisplayValue": [Function],
  "findAllByLabelText": [Function],
  "findAllByPlaceholderText": [Function],
  "findAllByRole": [Function],
  "findAllByTestId": [Function],
  "findAllByText": [Function],
  "findAllByTitle": [Function],
  "findByAltText": [Function],
  "findByDisplayValue": [Function],
  "findByLabelText": [Function],
  "findByPlaceholderText": [Function],
  "findByRole": [Function],
  "findByTestId": [Function],
  "findByText": [Function],
  "findByTitle": [Function],
  "getAllByAltText": [Function],
  "getAllByDisplayValue": [Function],
  "getAllByLabelText": [Function],
  "getAllByPlaceholderText": [Function],
  "getAllByRole": [Function],
  "getAllByTestId": [Function],
  "getAllByText": [Function],
  "getAllByTitle": [Function],
  "getByAltText": [Function],
  "getByDisplayValue": [Function],
  "getByLabelText": [Function],
  "getByPlaceholderText": [Function],
  "getByRole": [Function],
  "getByTestId": [Function],
  "getByText": [Function],
  "getByTitle": [Function],
  "queryAllByAltText": [Function],
  "queryAllByDisplayValue": [Function],
  "queryAllByLabelText": [Function],
  "queryAllByPlaceholderText": [Function],
  "queryAllByRole": [Function],
  "queryAllByTestId": [Function],
  "queryAllByText": [Function],
  "queryAllByTitle": [Function],
  "queryByAltText": [Function],
  "queryByDisplayValue": [Function],
  "queryByLabelText": [Function],
  "queryByPlaceholderText": [Function],
  "queryByRole": [Function],
  "queryByTestId": [Function],
  "queryByText": [Function],
  "queryByTitle": [Function],
  "rerender": [Function],
  "unmount": [Function],
}
`;
